148035 openat(AT_FDCWD, "/etc/ld.so.cache", O_RDONLY|O_CLOEXEC) = 3
148035 close(3)                         = 0
148035 openat(AT_FDCWD, "/lib/x86_64-linux-gnu/libstdc++.so.6", O_RDONLY|O_CLOEXEC) = 3
148035 close(3)                         = 0
148035 openat(AT_FDCWD, "/lib/x86_64-linux-gnu/libgcc_s.so.1", O_RDONLY|O_CLOEXEC) = 3
148035 close(3)                         = 0
148035 openat(AT_FDCWD, "/lib/x86_64-linux-gnu/libc.so.6", O_RDONLY|O_CLOEXEC) = 3
148035 close(3)                         = 0
148035 openat(AT_FDCWD, "/lib/x86_64-linux-gnu/libm.so.6", O_RDONLY|O_CLOEXEC) = 3
148035 close(3)                         = 0
148035 openat(AT_FDCWD, "/tmp/gcverify/n1/.tmp_0", O_WRONLY|O_CREAT|O_TRUNC, 0644) = 3
148035 write(3, "\0\273w3\357\253f\"\336\232V\21\315\211E\1\274x4\360\254g#\337\233W\22\316\212F\2\275"..., 4096) = 4096
148035 fdatasync(3)                     = 0
148035 close(3)                         = 0
148035 rename("/tmp/gcverify/n1/.tmp_0", "/tmp/gcverify/n1/f_0") = 0
148035 openat(AT_FDCWD, "/tmp/gcverify/n1", O_RDONLY|O_DIRECTORY) = 3
148035 fdatasync(3)                     = 0
148035 close(3)                         = 0
148035 openat(AT_FDCWD, "/tmp/gcverify/n1/.tmp_1", O_WRONLY|O_CREAT|O_TRUNC, 0644) = 3
148035 write(3, ">\372\265q-\351\245`\34\330\224P\v\307\203?\373\266r.\352\246a\35\331\225Q\f\310\204@\374"..., 4096) = 4096
148035 fdatasync(3)                     = 0
148035 close(3)                         = 0
148035 rename("/tmp/gcverify/n1/.tmp_1", "/tmp/gcverify/n1/f_1") = 0
148035 openat(AT_FDCWD, "/tmp/gcverify/n1", O_RDONLY|O_DIRECTORY) = 3
148035 fdatasync(3)                     = 0
148035 close(3)                         = 0
148035 openat(AT_FDCWD, "/tmp/gcverify/n1/.tmp_2", O_WRONLY|O_CREAT|O_TRUNC, 0644) = 3
148035 write(3, "|8\364\257k'\343\237Z\26\322\216J\5\301}9\365\260l(\344\240[\27\323\217K\6\302~:"..., 4096) = 4096
148035 fdatasync(3)                     = 0
148035 close(3)                         = 0
148035 rename("/tmp/gcverify/n1/.tmp_2", "/tmp/gcverify/n1/f_2") = 0
148035 openat(AT_FDCWD, "/tmp/gcverify/n1", O_RDONLY|O_DIRECTORY) = 3
148035 fdatasync(3)                     = 0
148035 close(3)                         = 0
148035 write(1, "COMMIT 2\n", 9)        = 9
148035 openat(AT_FDCWD, "/tmp/gcverify/n1/.tmp_3", O_WRONLY|O_CREAT|O_TRUNC, 0644) = 3
148035 write(3, "\272v2\356\251e!\335\231T\20\314\210D\377\273w3\357\252f\"\336\232U\21\315\211E\0\274x"..., 4096) = 4096
148035 fdatasync(3)                     = 0
148035 close(3)                         = 0
148035 rename("/tmp/gcverify/n1/.tmp_3", "/tmp/gcverify/n1/f_3") = 0
148035 openat(AT_FDCWD, "/tmp/gcverify/n1", O_RDONLY|O_DIRECTORY) = 3
148035 fdatasync(3)                     = 0
148035 close(3)                         = 0
148035 openat(AT_FDCWD, "/tmp/gcverify/n1/.tmp_4", O_WRONLY|O_CREAT|O_TRUNC, 0644) = 3
148035 write(3, "\370\264p,\350\243_\33\327\223N\n\306\202>\371\265q-\351\244`\34\330\224O\v\307\203?\372\266"..., 4096) = 4096
148035 fdatasync(3)                     = 0
148035 close(3)                         = 0
148035 rename("/tmp/gcverify/n1/.tmp_4", "/tmp/gcverify/n1/f_4") = 0
148035 openat(AT_FDCWD, "/tmp/gcverify/n1", O_RDONLY|O_DIRECTORY) = 3
148035 fdatasync(3)                     = 0
148035 close(3)                         = 0
148035 openat(AT_FDCWD, "/tmp/gcverify/n1/.tmp_5", O_WRONLY|O_CREAT|O_TRUNC, 0644) = 3
148035 write(3, "7\362\256j&\342\235Y\25\321\215H\4\300|8\363\257k'\343\236Z\26\322\216I\5\301}9\364"..., 4096) = 4096
148035 fdatasync(3)                     = 0
148035 close(3)                         = 0
148035 rename("/tmp/gcverify/n1/.tmp_5", "/tmp/gcverify/n1/f_5") = 0
148035 openat(AT_FDCWD, "/tmp/gcverify/n1", O_RDONLY|O_DIRECTORY) = 3
148035 fdatasync(3)                     = 0
148035 close(3)                         = 0
148035 write(1, "COMMIT 5\n", 9)        = 9
148035 write(1, "COMMIT 5\n", 9)        = 9
148035 write(1, "STATS files=6 fsync_file=6 fsync"..., 58) = 58
